------------------------------------------------------------
Timing Analyzer Summary
------------------------------------------------------------

Type  : Slow 1200mV 85C Model Setup 'ship_movement:SHIP_OFFSET_GEN|clk_div:U1|clk_out'
Slack : -6.499
TNS   : -346.532

Type  : Slow 1200mV 85C Model Setup 'ship_movement:SHIP_OFFSET_GEN|x_counter_clk'
Slack : -3.083
TNS   : -27.747

Type  : Slow 1200mV 85C Model Setup 'ship_movement:SHIP_OFFSET_GEN|y_counter_clk'
Slack : -1.418
TNS   : -12.762

Type  : Slow 1200mV 85C Model Setup 'MAX10_CLK1_50'
Slack : -1.374
TNS   : -1.374

Type  : Slow 1200mV 85C Model Setup 'PLL1|altpll_component|auto_generated|pll1|clk[0]'
Slack : 31.689
TNS   : 0.000

Type  : Slow 1200mV 85C Model Hold 'MAX10_CLK1_50'
Slack : 0.327
TNS   : 0.000

Type  : Slow 1200mV 85C Model Hold 'PLL1|altpll_component|auto_generated|pll1|clk[0]'
Slack : 0.425
TNS   : 0.000

Type  : Slow 1200mV 85C Model Hold 'ship_movement:SHIP_OFFSET_GEN|clk_div:U1|clk_out'
Slack : 0.531
TNS   : 0.000

Type  : Slow 1200mV 85C Model Hold 'ship_movement:SHIP_OFFSET_GEN|y_counter_clk'
Slack : 0.535
TNS   : 0.000

Type  : Slow 1200mV 85C Model Hold 'ship_movement:SHIP_OFFSET_GEN|x_counter_clk'
Slack : 0.558
TNS   : 0.000

Type  : Slow 1200mV 85C Model Minimum Pulse Width 'ship_movement:SHIP_OFFSET_GEN|clk_div:U1|clk_out'
Slack : -1.222
TNS   : -80.652

Type  : Slow 1200mV 85C Model Minimum Pulse Width 'ship_movement:SHIP_OFFSET_GEN|x_counter_clk'
Slack : -1.222
TNS   : -10.998

Type  : Slow 1200mV 85C Model Minimum Pulse Width 'ship_movement:SHIP_OFFSET_GEN|y_counter_clk'
Slack : -1.222
TNS   : -10.998

Type  : Slow 1200mV 85C Model Minimum Pulse Width 'MAX10_CLK1_50'
Slack : 9.561
TNS   : 0.000

Type  : Slow 1200mV 85C Model Minimum Pulse Width 'PLL1|altpll_component|auto_generated|pll1|clk[0]'
Slack : 19.621
TNS   : 0.000

Type  : Slow 1200mV 0C Model Setup 'ship_movement:SHIP_OFFSET_GEN|clk_div:U1|clk_out'
Slack : -5.826
TNS   : -308.950

Type  : Slow 1200mV 0C Model Setup 'ship_movement:SHIP_OFFSET_GEN|x_counter_clk'
Slack : -2.723
TNS   : -24.507

Type  : Slow 1200mV 0C Model Setup 'ship_movement:SHIP_OFFSET_GEN|y_counter_clk'
Slack : -1.217
TNS   : -10.953

Type  : Slow 1200mV 0C Model Setup 'MAX10_CLK1_50'
Slack : -1.166
TNS   : -1.166

Type  : Slow 1200mV 0C Model Setup 'PLL1|altpll_component|auto_generated|pll1|clk[0]'
Slack : 32.400
TNS   : 0.000

Type  : Slow 1200mV 0C Model Hold 'MAX10_CLK1_50'
Slack : 0.296
TNS   : 0.000

Type  : Slow 1200mV 0C Model Hold 'PLL1|altpll_component|auto_generated|pll1|clk[0]'
Slack : 0.352
TNS   : 0.000

Type  : Slow 1200mV 0C Model Hold 'ship_movement:SHIP_OFFSET_GEN|clk_div:U1|clk_out'
Slack : 0.488
TNS   : 0.000

Type  : Slow 1200mV 0C Model Hold 'ship_movement:SHIP_OFFSET_GEN|y_counter_clk'
Slack : 0.492
TNS   : 0.000

Type  : Slow 1200mV 0C Model Hold 'ship_movement:SHIP_OFFSET_GEN|x_counter_clk'
Slack : 0.512
TNS   : 0.000

Type  : Slow 1200mV 0C Model Minimum Pulse Width 'ship_movement:SHIP_OFFSET_GEN|clk_div:U1|clk_out'
Slack : -1.222
TNS   : -80.652

Type  : Slow 1200mV 0C Model Minimum Pulse Width 'ship_movement:SHIP_OFFSET_GEN|x_counter_clk'
Slack : -1.222
TNS   : -10.998

Type  : Slow 1200mV 0C Model Minimum Pulse Width 'ship_movement:SHIP_OFFSET_GEN|y_counter_clk'
Slack : -1.222
TNS   : -10.998

Type  : Slow 1200mV 0C Model Minimum Pulse Width 'MAX10_CLK1_50'
Slack : 9.587
TNS   : 0.000

Type  : Slow 1200mV 0C Model Minimum Pulse Width 'PLL1|altpll_component|auto_generated|pll1|clk[0]'
Slack : 19.579
TNS   : 0.000

Type  : Fast 1200mV 0C Model Setup 'ship_movement:SHIP_OFFSET_GEN|clk_div:U1|clk_out'
Slack : -2.649
TNS   : -132.875

Type  : Fast 1200mV 0C Model Setup 'ship_movement:SHIP_OFFSET_GEN|x_counter_clk'
Slack : -0.925
TNS   : -8.325

Type  : Fast 1200mV 0C Model Setup 'MAX10_CLK1_50'
Slack : -0.560
TNS   : -0.560

Type  : Fast 1200mV 0C Model Setup 'ship_movement:SHIP_OFFSET_GEN|y_counter_clk'
Slack : -0.135
TNS   : -1.215

Type  : Fast 1200mV 0C Model Setup 'PLL1|altpll_component|auto_generated|pll1|clk[0]'
Slack : 35.867
TNS   : 0.000

Type  : Fast 1200mV 0C Model Hold 'MAX10_CLK1_50'
Slack : 0.149
TNS   : 0.000

Type  : Fast 1200mV 0C Model Hold 'PLL1|altpll_component|auto_generated|pll1|clk[0]'
Slack : 0.210
TNS   : 0.000

Type  : Fast 1200mV 0C Model Hold 'ship_movement:SHIP_OFFSET_GEN|clk_div:U1|clk_out'
Slack : 0.238
TNS   : 0.000

Type  : Fast 1200mV 0C Model Hold 'ship_movement:SHIP_OFFSET_GEN|y_counter_clk'
Slack : 0.241
TNS   : 0.000

Type  : Fast 1200mV 0C Model Hold 'ship_movement:SHIP_OFFSET_GEN|x_counter_clk'
Slack : 0.253
TNS   : 0.000

Type  : Fast 1200mV 0C Model Minimum Pulse Width 'ship_movement:SHIP_OFFSET_GEN|clk_div:U1|clk_out'
Slack : -1.000
TNS   : -66.000

Type  : Fast 1200mV 0C Model Minimum Pulse Width 'ship_movement:SHIP_OFFSET_GEN|x_counter_clk'
Slack : -1.000
TNS   : -9.000

Type  : Fast 1200mV 0C Model Minimum Pulse Width 'ship_movement:SHIP_OFFSET_GEN|y_counter_clk'
Slack : -1.000
TNS   : -9.000

Type  : Fast 1200mV 0C Model Minimum Pulse Width 'MAX10_CLK1_50'
Slack : 9.309
TNS   : 0.000

Type  : Fast 1200mV 0C Model Minimum Pulse Width 'PLL1|altpll_component|auto_generated|pll1|clk[0]'
Slack : 19.672
TNS   : 0.000

------------------------------------------------------------
