------------------------------------------------------------
Timing Analyzer Summary
------------------------------------------------------------

Type  : Slow 1200mV 85C Model Setup 'ship_movement:SHIP_OFFSET_GEN|clk_div:U1|clk_out'
Slack : -7.389
TNS   : -392.734

Type  : Slow 1200mV 85C Model Setup 'ship_movement:SHIP_OFFSET_GEN|x_counter_clk'
Slack : -3.024
TNS   : -27.216

Type  : Slow 1200mV 85C Model Setup 'MAX10_CLK1_50'
Slack : -1.871
TNS   : -1.871

Type  : Slow 1200mV 85C Model Setup 'ship_movement:SHIP_OFFSET_GEN|y_counter_clk'
Slack : -1.576
TNS   : -14.184

Type  : Slow 1200mV 85C Model Setup 'PLL1|altpll_component|auto_generated|pll1|clk[0]'
Slack : 32.776
TNS   : 0.000

Type  : Slow 1200mV 85C Model Hold 'MAX10_CLK1_50'
Slack : 0.325
TNS   : 0.000

Type  : Slow 1200mV 85C Model Hold 'PLL1|altpll_component|auto_generated|pll1|clk[0]'
Slack : 0.422
TNS   : 0.000

Type  : Slow 1200mV 85C Model Hold 'ship_movement:SHIP_OFFSET_GEN|clk_div:U1|clk_out'
Slack : 0.529
TNS   : 0.000

Type  : Slow 1200mV 85C Model Hold 'ship_movement:SHIP_OFFSET_GEN|y_counter_clk'
Slack : 0.557
TNS   : 0.000

Type  : Slow 1200mV 85C Model Hold 'ship_movement:SHIP_OFFSET_GEN|x_counter_clk'
Slack : 0.574
TNS   : 0.000

Type  : Slow 1200mV 85C Model Minimum Pulse Width 'ship_movement:SHIP_OFFSET_GEN|clk_div:U1|clk_out'
Slack : -1.222
TNS   : -80.652

Type  : Slow 1200mV 85C Model Minimum Pulse Width 'ship_movement:SHIP_OFFSET_GEN|x_counter_clk'
Slack : -1.222
TNS   : -10.998

Type  : Slow 1200mV 85C Model Minimum Pulse Width 'ship_movement:SHIP_OFFSET_GEN|y_counter_clk'
Slack : -1.222
TNS   : -10.998

Type  : Slow 1200mV 85C Model Minimum Pulse Width 'MAX10_CLK1_50'
Slack : 9.584
TNS   : 0.000

Type  : Slow 1200mV 85C Model Minimum Pulse Width 'PLL1|altpll_component|auto_generated|pll1|clk[0]'
Slack : 19.618
TNS   : 0.000

Type  : Slow 1200mV 0C Model Setup 'ship_movement:SHIP_OFFSET_GEN|clk_div:U1|clk_out'
Slack : -6.644
TNS   : -351.329

Type  : Slow 1200mV 0C Model Setup 'ship_movement:SHIP_OFFSET_GEN|x_counter_clk'
Slack : -2.648
TNS   : -23.832

Type  : Slow 1200mV 0C Model Setup 'MAX10_CLK1_50'
Slack : -1.607
TNS   : -1.607

Type  : Slow 1200mV 0C Model Setup 'ship_movement:SHIP_OFFSET_GEN|y_counter_clk'
Slack : -1.358
TNS   : -12.222

Type  : Slow 1200mV 0C Model Setup 'PLL1|altpll_component|auto_generated|pll1|clk[0]'
Slack : 33.363
TNS   : 0.000

Type  : Slow 1200mV 0C Model Hold 'MAX10_CLK1_50'
Slack : 0.295
TNS   : 0.000

Type  : Slow 1200mV 0C Model Hold 'PLL1|altpll_component|auto_generated|pll1|clk[0]'
Slack : 0.349
TNS   : 0.000

Type  : Slow 1200mV 0C Model Hold 'ship_movement:SHIP_OFFSET_GEN|clk_div:U1|clk_out'
Slack : 0.488
TNS   : 0.000

Type  : Slow 1200mV 0C Model Hold 'ship_movement:SHIP_OFFSET_GEN|y_counter_clk'
Slack : 0.510
TNS   : 0.000

Type  : Slow 1200mV 0C Model Hold 'ship_movement:SHIP_OFFSET_GEN|x_counter_clk'
Slack : 0.527
TNS   : 0.000

Type  : Slow 1200mV 0C Model Minimum Pulse Width 'ship_movement:SHIP_OFFSET_GEN|clk_div:U1|clk_out'
Slack : -1.222
TNS   : -80.652

Type  : Slow 1200mV 0C Model Minimum Pulse Width 'ship_movement:SHIP_OFFSET_GEN|x_counter_clk'
Slack : -1.222
TNS   : -10.998

Type  : Slow 1200mV 0C Model Minimum Pulse Width 'ship_movement:SHIP_OFFSET_GEN|y_counter_clk'
Slack : -1.222
TNS   : -10.998

Type  : Slow 1200mV 0C Model Minimum Pulse Width 'MAX10_CLK1_50'
Slack : 9.593
TNS   : 0.000

Type  : Slow 1200mV 0C Model Minimum Pulse Width 'PLL1|altpll_component|auto_generated|pll1|clk[0]'
Slack : 19.577
TNS   : 0.000

Type  : Fast 1200mV 0C Model Setup 'ship_movement:SHIP_OFFSET_GEN|clk_div:U1|clk_out'
Slack : -3.048
TNS   : -152.337

Type  : Fast 1200mV 0C Model Setup 'ship_movement:SHIP_OFFSET_GEN|x_counter_clk'
Slack : -0.943
TNS   : -8.487

Type  : Fast 1200mV 0C Model Setup 'MAX10_CLK1_50'
Slack : -0.926
TNS   : -0.926

Type  : Fast 1200mV 0C Model Setup 'ship_movement:SHIP_OFFSET_GEN|y_counter_clk'
Slack : -0.207
TNS   : -1.863

Type  : Fast 1200mV 0C Model Setup 'PLL1|altpll_component|auto_generated|pll1|clk[0]'
Slack : 36.437
TNS   : 0.000

Type  : Fast 1200mV 0C Model Hold 'MAX10_CLK1_50'
Slack : 0.148
TNS   : 0.000

Type  : Fast 1200mV 0C Model Hold 'PLL1|altpll_component|auto_generated|pll1|clk[0]'
Slack : 0.209
TNS   : 0.000

Type  : Fast 1200mV 0C Model Hold 'ship_movement:SHIP_OFFSET_GEN|clk_div:U1|clk_out'
Slack : 0.238
TNS   : 0.000

Type  : Fast 1200mV 0C Model Hold 'ship_movement:SHIP_OFFSET_GEN|x_counter_clk'
Slack : 0.238
TNS   : 0.000

Type  : Fast 1200mV 0C Model Hold 'ship_movement:SHIP_OFFSET_GEN|y_counter_clk'
Slack : 0.239
TNS   : 0.000

Type  : Fast 1200mV 0C Model Minimum Pulse Width 'ship_movement:SHIP_OFFSET_GEN|clk_div:U1|clk_out'
Slack : -1.000
TNS   : -66.000

Type  : Fast 1200mV 0C Model Minimum Pulse Width 'ship_movement:SHIP_OFFSET_GEN|x_counter_clk'
Slack : -1.000
TNS   : -9.000

Type  : Fast 1200mV 0C Model Minimum Pulse Width 'ship_movement:SHIP_OFFSET_GEN|y_counter_clk'
Slack : -1.000
TNS   : -9.000

Type  : Fast 1200mV 0C Model Minimum Pulse Width 'MAX10_CLK1_50'
Slack : 9.325
TNS   : 0.000

Type  : Fast 1200mV 0C Model Minimum Pulse Width 'PLL1|altpll_component|auto_generated|pll1|clk[0]'
Slack : 19.664
TNS   : 0.000

------------------------------------------------------------
